[0] = unoil
[1] = noily
[2] = colin
[3] = lindo
[4] = pilon
[5] = lingo
[6] = login
[7] = uloid
[8] = poilu
[9] = onium
[10] = doily
[11] = coiny
[12] = unold
[13] = choil
[14] = choli
[15] = boily
[16] = chino
[17] = cibol
[18] = nomic
[19] = unlid
