a = 4467
e = 4255
r = 3043
o = 2801
i = 2581
s = 2383
t = 2381
l = 2368
n = 2214
u = 1881
y = 1605
c = 1546
d = 1399
h = 1323
m = 1301
p = 1293
b = 1162
g = 1102
k = 882
w = 685
f = 661
v = 466
z = 250
x = 189
j = 163
q = 84
